python : Internal Server Error: /api/signup/
Au caractère Ligne:1 : 51
+ ... aboom Central" ; python test_signup.py > test_output.txt 2>&1 ; type  ...
+                      ~~~~~~~~~~~~~~~~~~~~~~~~~~~~~~~~~~~~~~~~~~~~
    + CategoryInfo          : NotSpecified: (Internal Server Error: /api/signup/:String) [], RemoteException
    + FullyQualifiedErrorId : NativeCommandError
 
Traceback (most recent call last):
  File "C:\Users\RÚginald\AppData\Roaming\Python\Python310\site-packages\django\core\handlers\exception.py", line 55, in inner
    response = get_response(request)
  File "C:\Users\RÚginald\AppData\Roaming\Python\Python310\site-packages\django\core\handlers\base.py", line 197, in _get_response
    response = wrapped_callback(request, *callback_args, **callback_kwargs)
  File "C:\Users\RÚginald\AppData\Roaming\Python\Python310\site-packages\django\views\decorators\csrf.py", line 65, in _view_wrapper
    return view_func(request, *args, **kwargs)
  File "c:\Users\RÚginald\Documents\Gaboom Central\tickets\api_views.py", line 90, in signup_admin_borlette
    user.save()
  File "C:\Users\RÚginald\AppData\Roaming\Python\Python310\site-packages\django\contrib\auth\base_user.py", line 78, in save
    super().save(*args, **kwargs)
  File "C:\Users\RÚginald\AppData\Roaming\Python\Python310\site-packages\django\db\models\base.py", line 822, in save
    self.save_base(
  File "C:\Users\RÚginald\AppData\Roaming\Python\Python310\site-packages\django\db\models\base.py", line 924, in save_base
    post_save.send(
  File "C:\Users\RÚginald\AppData\Roaming\Python\Python310\site-packages\django\dispatch\dispatcher.py", line 189, in send
    response = receiver(signal=self, sender=sender, **named)
  File "c:\Users\RÚginald\Documents\Gaboom Central\accounts\signals.py", line 35, in _create_borlette_and_subscription
    Subscription.objects.create(
  File "C:\Users\RÚginald\AppData\Roaming\Python\Python310\site-packages\django\db\models\manager.py", line 87, in manager_method
    return getattr(self.get_queryset(), name)(*args, **kwargs)
  File "C:\Users\RÚginald\AppData\Roaming\Python\Python310\site-packages\django\db\models\query.py", line 677, in create
    obj = self.model(**kwargs)
  File "C:\Users\RÚginald\AppData\Roaming\Python\Python310\site-packages\django\db\models\base.py", line 567, in __init__
    raise TypeError(
TypeError: Subscription() got unexpected keyword arguments: 'type'
============================================================
TEST INSCRIPTION BORLETTE
============================================================

DonnÚes envoyÚes: {
  "username": "test_debug_user",
  "email": "testdebug@example.com",
  "phone": "+50912345678",
  "borlette_name": "Debug Borlette Test",
  "adresse": "Delmas, Port-au-Prince",
  "slogan": "La borlette de confiance",
  "password": "testpassword123",
  "promo_code": ""
}
Traceback (most recent call last):
  File "C:\Users\RÚginald\Documents\Gaboom Central\test_signup.py", line 47, in <module>
    response = client.post('/api/signup/', json.dumps(data), content_type='application/json')
  File "C:\Users\RÚginald\AppData\Roaming\Python\Python310\site-packages\django\test\client.py", line 1070, in post
    response = super().post(
  File "C:\Users\RÚginald\AppData\Roaming\Python\Python310\site-packages\django\test\client.py", line 490, in post
    return self.generic(
  File "C:\Users\RÚginald\AppData\Roaming\Python\Python310\site-packages\django\test\client.py", line 617, in generic
    return self.request(**r)
  File "C:\Users\RÚginald\AppData\Roaming\Python\Python310\site-packages\django\test\client.py", line 1013, in request
    self.check_exception(response)
  File "C:\Users\RÚginald\AppData\Roaming\Python\Python310\site-packages\django\test\client.py", line 743, in check_exception
    raise exc_value
  File "C:\Users\RÚginald\AppData\Roaming\Python\Python310\site-packages\django\core\handlers\exception.py", line 55, in inner
    response = get_response(request)
  File "C:\Users\RÚginald\AppData\Roaming\Python\Python310\site-packages\django\core\handlers\base.py", line 197, in _get_response
    response = wrapped_callback(request, *callback_args, **callback_kwargs)
  File "C:\Users\RÚginald\AppData\Roaming\Python\Python310\site-packages\django\views\decorators\csrf.py", line 65, in _view_wrapper
    return view_func(request, *args, **kwargs)
  File "c:\Users\RÚginald\Documents\Gaboom Central\tickets\api_views.py", line 90, in signup_admin_borlette
    user.save()
  File "C:\Users\RÚginald\AppData\Roaming\Python\Python310\site-packages\django\contrib\auth\base_user.py", line 78, in save
    super().save(*args, **kwargs)
  File "C:\Users\RÚginald\AppData\Roaming\Python\Python310\site-packages\django\db\models\base.py", line 822, in save
    self.save_base(
  File "C:\Users\RÚginald\AppData\Roaming\Python\Python310\site-packages\django\db\models\base.py", line 924, in save_base
    post_save.send(
  File "C:\Users\RÚginald\AppData\Roaming\Python\Python310\site-packages\django\dispatch\dispatcher.py", line 189, in send
    response = receiver(signal=self, sender=sender, **named)
  File "c:\Users\RÚginald\Documents\Gaboom Central\accounts\signals.py", line 35, in _create_borlette_and_subscription
    Subscription.objects.create(
  File "C:\Users\RÚginald\AppData\Roaming\Python\Python310\site-packages\django\db\models\manager.py", line 87, in manager_method
    return getattr(self.get_queryset(), name)(*args, **kwargs)
  File "C:\Users\RÚginald\AppData\Roaming\Python\Python310\site-packages\django\db\models\query.py", line 677, in create
    obj = self.model(**kwargs)
  File "C:\Users\RÚginald\AppData\Roaming\Python\Python310\site-packages\django\db\models\base.py", line 567, in __init__
    raise TypeError(
TypeError: Subscription() got unexpected keyword arguments: 'type'

During handling of the above exception, another exception occurred:

Traceback (most recent call last):
  File "C:\Users\RÚginald\Documents\Gaboom Central\test_signup.py", line 77, in <module>
    print(f"\n\u274c EXCEPTION: {type(e).__name__}: {str(e)}")
  File "C:\Program Files\Python310\lib\encodings\cp1252.py", line 19, in encode
    return codecs.charmap_encode(input,self.errors,encoding_table)[0]
UnicodeEncodeError: 'charmap' codec can't encode character '\u274c' in position 2: character maps to <undefined>
